/Users/jaychauhan/Documents/GitHub/lifepilot/.venv/lib/python3.9/site-packages/urllib3/__init__.py:35: NotOpenSSLWarning: urllib3 v2 only supports OpenSSL 1.1.1+, currently the 'ssl' module is compiled with 'LibreSSL 2.8.3'. See: https://github.com/urllib3/urllib3/issues/3020
  warnings.warn(
/Users/jaychauhan/Documents/GitHub/lifepilot/.venv/lib/python3.9/site-packages/google/api_core/_python_version_support.py:252: FutureWarning: You are using a Python version (3.9.6) past its end of life. Google will update google.api_core with critical bug fixes on a best-effort basis, but not with any other fixes or features. Please upgrade to the latest Python version, or at least Python 3.10, and then update google.api_core.
  warnings.warn(message, FutureWarning)
An error occurred: module 'importlib.metadata' has no attribute 'packages_distributions'
Testing Gemini Embeddings...
2025-11-23 13:54:32 [info     ] Initializing Gemini Embeddings model=models/text-embedding-004
2025-11-23 13:54:32 [info     ] Embeddings initialized         provider=gemini
Provider: gemini
2025-11-23 13:54:32 [info     ] Generating Gemini embeddings   count=1
2025-11-23 13:54:33 [info     ] Raw Gemini response keys       keys=dict_keys(['embedding'])
2025-11-23 13:54:33 [info     ] Single embedding found         length=1
Raw embedding type: <class 'list'>
Embedding length: 1
First element type: <class 'list'>
Nested list detected. Inner length: 768
First 5 values: [[0.0045859725, -0.017935604, -0.061411478, -0.017932963, -0.0060349535, 0.0076642307, 0.033924665, 0.041899603, -0.015651042, 0.044876773, -0.021040171, 0.00599077, 0.08293662, -0.006159681, -0.012961939, -0.029658705, 0.012628481, 0.013585064, -0.11842015, 0.024409387, 0.031649392, -0.03167456, 0.019172246, -0.010733041, -0.021370988, -0.0033426895, -0.0032938996, -0.0035038285, 0.015569527, 0.015600176, 0.028818714, 0.07666032, 0.007962528, -0.058948316, 0.011765261, -0.0001378676, -0.012142535, 0.0044200984, 0.064976566, -0.05149759, -0.08116403, 0.041793313, -0.011043957, 0.04041557, 0.0111948885, -0.030053988, 0.0013629458, 0.027993679, -0.017534941, 0.026049258, 0.031421605, 0.014494511, -0.07036532, 0.03228339, -0.009403899, -0.00055926247, -0.0328454, -0.03594495, 0.055251703, -0.02103676, 0.0013733602, -0.011292713, 0.006235565, -0.0009555668, -0.016804727, -0.019862441, 0.006676954, -0.008538381, -0.054658152, 0.06287206, -0.023038987, 0.018412434, -0.020990118, -0.0010862796, -0.02229407, -0.008926652, -0.023751523, -0.0100145815, 0.00738242, 0.036217272, -0.035637338, 0.034060843, 0.07152333, 0.045651637, -0.0135748545, 0.00503722, 0.015743962, -0.04746504, -0.04679018, -0.012783704, 0.11834896, 0.023905348, -0.0049302573, -0.005771273, 0.06720781, -0.015020509, -0.10622139, -0.11490735, 0.113540135, 0.035810363, -0.017813183, 0.0003538637, -0.0153497625, -0.07516389, 0.032637518, 0.061439253, -0.052971914, -0.038270872, -0.022784436, 0.034358457, -0.022375405, -0.04475739, 0.040724378, 0.0039880993, -0.02597502, -0.011650121, -0.05877455, -0.0032610549, -0.030347446, 0.0346924, -0.0047389935, 0.0323705, -0.004141044, 0.075328246, 0.04805978, -0.0049584275, 0.028005652, -0.0068085017, -0.049220286, -0.037542082, 0.08877087, -0.024218826, 0.026301872, 0.03157215, -0.058242194, -0.039504133, 0.044224646, -0.017197749, 0.042506453, 0.039769962, 0.008361815, -0.0427773, -0.025317915, -0.0018307803, -0.0024053103, -0.023312818, 0.0045743827, 0.063156605, -0.036399513, -8.42843e-05, -0.021753572, -0.017149614, 0.059845053, -0.027752679, -0.009897962, -0.0035353524, 0.049743727, -0.05899843, 0.0476523, 0.008622225, 0.050670646, -0.06619965, -0.0066002444, -5.973229e-05, -0.022958297, 0.009119288, 0.013804662, -0.02917047, 0.014226491, 0.0052002165, -0.03756107, -0.05443605, -0.018255433, -0.10481298, 0.010612445, -0.00024118072, -0.04698252, 0.006724276, -0.0119184945, -0.026978632, 0.12721242, 0.04725567, -0.024241827, -0.09387865, 0.040241968, 0.010575895, 0.01461739, 0.037321467, 0.11096581, 0.047772728, -0.021717586, 0.0063564153, 0.016437938, 0.037725713, 0.0020779527, -0.03335874, 0.026854092, -0.02377147, -0.030198885, -0.055254392, 0.057806425, 0.0020121778, -0.012589273, -0.03250923, -0.0057928027, 0.028295662, -0.058473255, -0.0689569, 0.013235568, 0.044026576, -0.008437315, -0.012083051, -0.018733168, -0.050711785, 0.039492726, 0.026898496, 0.06964549, -0.015611014, 0.03396795, -0.007419596, 0.051980752, 0.021353934, 0.03174145, 0.0084582195, 0.050724477, 0.038484972, -0.046193823, -0.0065215654, 0.029051494, -0.026403753, -0.009441254, 0.039443, 0.014161617, 0.067599356, -0.06001147, 0.025871985, 0.054235954, -0.013157322, -0.049810603, 0.025336243, -0.013750808, 5.4255826e-05, 0.045209326, 0.014825527, 0.038321346, -0.04374551, 0.042785384, 0.032806315, 0.017755404, -0.044337813, -0.032810327, -0.020873567, 0.0046083685, -0.01240595, -0.061769202, -0.051033914, 0.024536878, -0.008673644, 0.0068672253, -0.03519919, 0.077864386, -0.01115517, -0.012971, -0.11705754, -0.04162352, -0.07514437, 0.004535769, -0.014352879, 0.013344851, -0.06692105, 0.023919564, -0.03176123, -0.036148734, -0.028309567, -0.022373855, 0.016740255, -0.009434395, 0.013367435, -0.018405708, -0.05082831, -0.016904369, -0.007390721, -0.013539771, 0.020949027, 0.004914848, -0.066277966, 0.010472647, 0.03502684, -0.011381573, -0.01897357, 0.05207606, 0.037158914, -0.010459811, -0.04433191, 0.02909607, 0.031054672, 0.033691898, 0.027991882, 0.0114244735, 0.0016888577, 0.024148695, 0.062705636, -0.02548487, 0.04310919, 0.004721404, -0.01938992, 0.00076735445, -0.01869805, -0.007811222, 0.017089171, -0.03479001, 0.0138302175, -0.026971491, -0.058521826, -0.020716025, -0.02098372, -0.18864444, -0.013153423, -0.023352114, -0.029586408, 0.040691704, 0.048040953, -0.005303941, 0.008174866, -0.011853592, -0.03893932, 0.029579317, -0.006328754, 0.010013557, 0.012549304, 0.017612427, 0.015166132, -0.025571866, -0.049800687, 0.0137719065, 0.057133593, -0.04060281, 0.035121433, 0.07096513, 0.06251919, 0.036014516, 0.052435745, 0.043169852, 0.039678495, -0.010990319, -0.051699445, -0.011562077, 0.022278892, 0.023567576, 0.011349356, 0.026926951, 0.04933549, 0.021499066, -0.05132775, -0.044010658, 0.008709493, 0.064036846, -0.00756643, 0.011270992, -0.010994926, 0.00013412646, 0.0068486976, -0.022188272, 0.024040958, 0.018503647, 0.011890897, -0.010856602, 0.046798527, 0.0034375947, -0.063055195, -0.009319512, 0.035171248, -0.012520517, -0.011595915, 0.015966821, -0.022739895, -0.06400468, 0.020549871, 0.0051594716, 0.009006637, -0.01647089, -0.015903985, -0.016561966, 0.008220394, -0.043699943, 0.08723255, -0.03801064, -0.010505277, 0.0009473294, -0.025004668, -0.039576937, 0.074081086, 0.046778917, 0.020649241, 0.011174454, 0.04642104, -0.034967966, 0.0187808, 0.014084364, 0.008505057, -0.014753366, -0.00571669, 0.05786114, -0.06080522, -0.01575685, -0.024542298, 0.062996894, 0.011649241, 0.035693724, 0.0151974885, -0.014161019, -0.011106818, -0.027294524, 0.021517225, -0.023179742, -0.0022235462, -0.00039206402, -0.015804589, -0.0009188227, 0.0012378274, -0.042255055, -0.00038929406, 0.00252719, -0.030233065, -0.0049817273, -0.06771712, -0.025490304, 0.050811674, -9.6747235e-06, -0.015648305, 0.041328005, 0.073765375, 0.007999686, 0.06379113, 0.011362443, 0.047649585, -0.018314917, 0.014395077, 0.009095034, 0.025412641, -0.019666603, -0.0053249267, 0.06292722, 0.028048098, -0.02799749, 0.06030563, 0.04476094, 0.028746461, -0.025513878, 0.0067758756, 0.008890875, -0.015839309, -0.0077967546, 0.0046462584, -0.07691761, 0.01478998, 0.004740707, 0.03061439, -0.012171036, -0.0063661365, -0.032704685, -0.026068347, 0.0881728, -0.0006628246, -0.013458104, 0.0033803924, 0.0070885546, 0.014946034, -0.069187246, 0.09957561, 0.020085514, 0.02201067, 0.024329731, 0.0062525235, -0.019572994, 0.011185838, 0.013749558, 5.4560056e-05, -0.022633286, -0.006786621, -0.030997341, 0.015046779, -0.015739923, 0.023069741, 0.075077206, -0.013218567, -0.034893587, 0.017091967, 0.0036745355, 0.01088538, -0.025665417, 0.026359262, -0.017402595, -0.026106095, -0.03688132, 0.021874482, 0.046468813, -0.03340551, 0.00051619974, 0.025005704, 0.062347297, 0.012436059, -0.002103408, -0.063964434, -0.06878166, 0.013050909, -0.034016658, -0.02752439, 0.040983453, -0.01421211, 0.050765503, -0.019828219, 0.021525122, 0.03292159, -0.013835021, 0.016320014, -0.0630676, 0.006433785, -0.042591557, 0.019459812, -0.07175101, -0.018432569, 0.034110464, -0.014077331, 0.038794067, -0.021034436, -0.013076441, 0.004714933, 0.014313269, -0.058811847, -0.0143994, 0.046797976, 0.05457891, 0.030468153, 0.007424614, 0.027546758, 0.013257374, 0.032098345, -0.037658375, 0.035921063, -0.01884713, -0.0026817264, 0.011602918, 0.015262226, 0.0403093, 0.008084362, -0.011400541, 0.051816702, -0.012873783, 0.06357578, -0.00867212, -0.04320018, -0.01683876, -0.00209892, -0.005834527, -0.009310598, -0.01193415, -0.050544087, -0.016262012, -0.0130125545, 0.016495652, -0.013248392, 0.008311972, 0.0012492111, 0.023895137, 0.0027621961, 0.016961249, 0.05870921, -0.02477551, 0.0053938036, 0.0006006323, -0.0077698133, 0.027481742, -0.038150903, -0.005298227, 0.018597456, -0.07415617, 0.0052105784, 0.005496984, -0.030843254, 0.02820991, -0.020232398, 0.07899818, 0.0070065698, 0.011182213, 0.020092176, -0.015034987, -0.017796857, -0.0010436706, -0.008554198, -0.0026364906, 0.03341284, -0.005295252, -0.023240184, 0.0026239268, 0.003030428, -0.008821305, 0.0708238, 0.020435814, 0.011995766, -0.014441921, -0.010385247, 0.03664535, -0.001368057, 0.0035226957, -0.020774694, -0.040202357, -0.056600988, 0.0026752667, -0.053535145, 0.021874564, 0.014743918, -0.039856922, 0.0076690367, -0.08213108, -0.010486066, -0.05477638, -0.014258946, -0.02929063, 0.0044054803, 0.011107504, 0.005052902, 0.032108642, 0.00978619, -0.052517742, 0.0053400155, 0.01860785, 0.011925576, 0.06548711, 0.0033620452, -0.0058151092, 0.03016644, 0.049857695, -0.020610403, -7.07499e-06, -0.0021618626, 0.009419972, 0.019348588, -0.017378286, -0.06308771, 0.017742865, -0.00044324782, 0.05114678, 0.033096258, -0.046564374, 0.030532883, 0.0356375, 0.002566363, 0.036029257, 0.05054332, 0.0018936644, 0.035105843, -0.026533497, 0.0023144872, 0.0045513096, 0.052602872, -0.07822009, -0.014611435, 0.015296591, 0.017540233, 0.02309949, -0.043383412, -0.019782955, -0.001656314, -0.010589944, -0.037912015, -0.009849806, -0.0071777743, 0.023078041, 0.0020707673, 0.026072001, 0.007907477, -0.03702301, -0.018283255, -0.031031206, 0.034092277, 0.03297901, -0.010649466, -0.0078038513, 0.032960188, -0.016058713, -0.026106443, 0.019788995, -0.051964328, 0.024998695, -0.014981006, 0.048150595, -0.03886164, -0.040180128, 0.019539673, 0.0058365907, -0.03390864, -0.0419252, 0.0023681812, -0.035950955, 0.027045742, -0.0031846752, 0.029178012, -0.07278659, 0.017231023, -0.040161055, 0.01535682, -0.06327768, -0.013704604, 0.02260828, -0.003804933, 0.04360244, 0.022026643, -0.031304758, -0.005109566, -0.051644705, 6.6529894e-05, 0.010672768, 0.017135631, -0.005021184, 0.033401597, 0.026688378, 0.024176301, 0.025140736, 0.010453511, -0.00285614, 0.0029843063, 0.055334117, 0.06497612, 0.046285126, 0.010831124, -0.0585207, -0.01665488, -0.05017331, 0.08760735, 0.051529102, -0.022730825, 0.003040181, 0.033189643, -0.020042393, -0.015854403, -0.029826282, -0.016680552, -0.026005475, -0.04468374, 0.019159496, -0.049803656, -0.09044789, -0.01826791, -0.012750115, 0.0010589196, -0.030649604, 0.022828635, -0.026764786, -0.05415854, -0.069955915, 0.0062902863, -0.017185709, 0.030454408, 0.022837188, -0.012585961, 0.010509682, -0.009140596, 0.025097417, 0.019643357, -0.034515336, 0.07834292, -0.015697423, 0.041704793, -0.061147325, -0.04003986, 0.010488544, 0.014988377]]
WARNING: Unexpected dimension 1
